// Jest Snapshot v1, https://goo.gl/fbAQLP

exports[`<Login /> 스냅샷 비교 1`] = `"<div class=\\"css-1aghmg0-box-Login\\"><h1 class=\\"css-1tzienn-SNS em34l5a0\\"> Bongstagram </h1><form class=\\"LoginonSubmit css-1muyfbe-box-Login\\"><input name=\\"Id\\" placeholder=\\"전화번호, 사용자 이름, 이메일\\" class=\\"css-15odpl8-inputBoxCss-Login\\" value=\\"\\"><input type=\\"password\\" name=\\"Password\\" placeholder=\\"비밀번호\\" class=\\"css-1ng5cnc-inputBoxCss-Login\\" value=\\"\\"><input type=\\"submit\\" class=\\"css-n6vlve-button-blackButton-Login\\" value=\\"로그인\\"><span class=\\"css-xwj2yi-fontCss-Login\\">또는</span></form></div>"`;
