// Jest Snapshot v1, https://goo.gl/fbAQLP

exports[`<Login /> 스냅샷 비교 1`] = `"<div class=\\"css-1jj9za3-box-Login\\"><h1 class=\\"css-1tzienn-SNS em34l5a0\\"> Bongstagram </h1><form class=\\"LoginonSubmit css-1w04bgj-box-Login\\"><input name=\\"Id\\" placeholder=\\"전화번호, 사용자 이름, 이메일\\" class=\\"css-10hmqdn-inputBoxCss-Login\\" value=\\"\\"><input name=\\"Password\\" placeholder=\\"비밀번호\\" class=\\"css-35wyep-inputBoxCss-Login\\" value=\\"\\"><input type=\\"submit\\" class=\\"css-153r9rb-button-blackButton-Login\\" value=\\"로그인\\"><span class=\\"css-vv4ch1-fontCss-Login\\">또는</span></form></div>"`;
