// Jest Snapshot v1, https://goo.gl/fbAQLP

exports[`<Login /> 스냅샷 비교 1`] = `"<div class=\\"css-1xmoidd-box-Login\\"><h1 class=\\"css-1tzienn-SNS em34l5a0\\"> Bongstagram </h1><form class=\\"LoginonSubmit css-eq98ro-box-Login\\"><input name=\\"Id\\" placeholder=\\"전화번호, 사용자 이름, 이메일\\" class=\\"css-1xsvn8b-inputBoxCss-Login\\" value=\\"\\"><input name=\\"Password\\" placeholder=\\"비밀번호\\" class=\\"css-1etysgs-inputBoxCss-Login\\" value=\\"\\"><input type=\\"submit\\" class=\\"css-7xf006-button-blackButton-Login\\" value=\\"로그인\\"><span class=\\"css-987ijt-fontCss-Login\\">또는</span></form></div>"`;
