// Jest Snapshot v1, https://goo.gl/fbAQLP

exports[`<Message /> 스냅샷 비교 1`] = `
<Message
  msg="Message"
>
  <div
    className="alert alert-info alert-dismissible fade show"
    role="alert"
  >
    Message
    <button
      aria-label="Close"
      className="close"
      data-dismiss="alert"
      type="button"
    >
      <span
        aria-hidden="true"
      >
        ×
      </span>
    </button>
  </div>
</Message>
`;
