// Jest Snapshot v1, https://goo.gl/fbAQLP

exports[`<ModalAddpost /> 스냅샷 비교 1`] = `
<MemoryRouter
  initialEntries={
    Array [
      Object {
        "key": "testKey",
        "pathname": "/gibong@gmail.com",
      },
    ]
  }
>
  <Router
    history={
      Object {
        "action": "POP",
        "block": [Function],
        "canGo": [Function],
        "createHref": [Function],
        "entries": Array [
          Object {
            "hash": "",
            "key": "testKey",
            "pathname": "/gibong@gmail.com",
            "search": "",
          },
        ],
        "go": [Function],
        "goBack": [Function],
        "goForward": [Function],
        "index": 0,
        "length": 1,
        "listen": [Function],
        "location": Object {
          "hash": "",
          "key": "testKey",
          "pathname": "/gibong@gmail.com",
          "search": "",
        },
        "push": [Function],
        "replace": [Function],
      }
    }
  >
    <ModalAddPost
      currentUser="gibong@gmail.com"
    />
  </Router>
</MemoryRouter>
`;
